// Jest Snapshot v1, https://goo.gl/fbAQLP

exports[`<Content /> Rendering should render content 1`] = `
Array [
  <div
    class="summary"
  >
    <div
      class="summary-wrapper"
    >
      <div>
        7 movies found
      </div>
      <div
        class="film-sort"
      >
        <div>
          Sort by 
        </div>
        <div
          class="btn btn-grey"
        >
          release date
        </div>
        <div
          class="btn btn-grey"
        >
          raring
        </div>
      </div>
    </div>
  </div>,
  <div
    class="results"
  >
    <div
      class="item"
    >
      <div
        class="item-poster"
      >
        <img
          class="item-poster-img"
          src="https://image.tmdb.org/t/p/w500/3kcEGnYBHDeqmdYf8ZRbKdfmlUy.jpg"
        />
      </div>
      <div
        class="item-info"
      >
        <div
          class="item-info-details"
        >
          <div
            class="film-title"
          >
            Fifty Shades Freed...
          </div>
          <div
            class="release-date"
          >
            2018
          </div>
        </div>
        <div
          class="item-info-genre"
        >
          Drama, Romance
        </div>
      </div>
    </div>
    <div
      class="item"
    >
      <div
        class="item-poster"
      >
        <img
          class="item-poster-img"
          src="https://image.tmdb.org/t/p/w500/sM33SANp9z6rXW8Itn7NnG1GOEs.jpg"
        />
      </div>
      <div
        class="item-info"
      >
        <div
          class="item-info-details"
        >
          <div
            class="film-title"
          >
            Zootopia
          </div>
          <div
            class="release-date"
          >
            2016
          </div>
        </div>
        <div
          class="item-info-genre"
        >
          Animation, Adventure, Family, Comedy
        </div>
      </div>
    </div>
    <div
      class="item"
    >
      <div
        class="item-poster"
      >
        <img
          class="item-poster-img"
          src="https://image.tmdb.org/t/p/w500/kOVEVeg59E0wsnXmF9nrh6OmWII.jpg"
        />
      </div>
      <div
        class="item-info"
      >
        <div
          class="item-info-details"
        >
          <div
            class="film-title"
          >
            Star Wars: The Las...
          </div>
          <div
            class="release-date"
          >
            2017
          </div>
        </div>
        <div
          class="item-info-genre"
        >
          Fantasy, Adventure, Science Fiction
        </div>
      </div>
    </div>
  </div>,
]
`;

exports[`<Content /> Rendering should render content with no results 1`] = `
<div
  class="no-results"
>
  No films found
</div>
`;
