// Jest Snapshot v1, https://goo.gl/fbAQLP

exports[`<Label /> Rendering should render the label 1`] = `
<div
  className={false}
>
  foo bar
</div>
`;
