// Jest Snapshot v1, https://goo.gl/fbAQLP

exports[`<Footer /> <Footer /> should render footer 1`] = `
<footer
  className="footer"
>
  <Logo />
</footer>
`;
