// Jest Snapshot v1, https://goo.gl/fbAQLP

exports[`<Body /> Rendering should render the Body 1`] = `
<Fragment>
  <div
    className="wrapper"
  >
    <Header />
    <Content />
  </div>
  <Footer />
</Fragment>
`;
