// Jest Snapshot v1, https://goo.gl/fbAQLP

exports[`Detail Snapshot Deatil Component should render correctly with given props 1`] = `
<Fragment>
  <styled.div>
    <styled.div>
      <styled.div>
        <Logo />
        <styled.button
          id="backToSearch"
          onClick={[Function]}
          white={true}
        >
          Search
        </styled.button>
      </styled.div>
      <styled.div>
        <styled.div>
          <styled.img
            src="https://image.tmdb.org/t/p/w500/iunmxWkOi7Vk17Ob3G2HwwjgHsr.jpg"
          />
        </styled.div>
        <styled.div>
          <styled.h3>
            The Pianist
          </styled.h3>
          <styled.span>
            Drama, War
          </styled.span>
          <div>
            <styled.span
              bold={true}
            >
              2002
            </styled.span>
            <styled.span
              bold={true}
            >
              150
              min
            </styled.span>
          </div>
          <styled.span>
            The true story of pianist Wladyslaw Szpilman's experiences in Warsaw during the Nazi occupation. When the Jews of the city find themselves forced into a ghetto, Szpilman finds work playing in a caf√©; and when his family is deported in 1942, he stays behind, works for a while as a laborer, and eventually goes into hiding in the ruins of the war-torn city.
          </styled.span>
        </styled.div>
      </styled.div>
    </styled.div>
  </styled.div>
  <styled.div>
    <styled.div>
      Films by  Drama  genre
    </styled.div>
  </styled.div>
</Fragment>
`;
