// Jest Snapshot v1, https://goo.gl/fbAQLP

exports[`<MovieDescriptionInfo /> Rendering should render the component 1`] = `
<div
  className="movie-description-info"
>
  <div
    className="movie-description-info-header"
  >
    <Title
      content="Ready Player One"
      ttlBig={true}
      ttlRed={true}
      ttlUC={false}
      ttlWhite={false}
    />
    <Rating
      value={8.1}
    />
  </div>
  <p
    className="caption"
  >
    A better reality awaits.
  </p>
  <div
    className="year-min"
  >
    <Label
      content="2018"
      labelBold={true}
      labelUC={false}
      labelWhite={true}
    />
    <Label
      content="140 min"
      labelBold={true}
      labelUC={false}
      labelWhite={true}
    />
  </div>
  <p
    className="caption"
  >
    When the creator of a popular video game system dies, a virtual contest is created to compete for his fortune.
  </p>
</div>
`;
