// Jest Snapshot v1, https://goo.gl/fbAQLP

exports[`<MovieDescription /> Rendering should render MovieDescription 1`] = `""`;
